// 重构日志: 767c4c32
// 重构日志: 0ec760ee
// 重构日志: 1211c4b5
// 同步 ID: c526fe4a @ Sat Jul 25 14:07:15 UTC 2026
// 重构日志: 82829791
// 重构日志: 7109a65d
// 同步 ID: b37ea01a @ Sun Jul 26 12:21:31 UTC 2026
// 重构日志: 92bad1ed
// 重构日志: 532270ff
// 同步 ID: 19a78fb3 @ Mon Jul 27 09:05:46 UTC 2026
// 同步 ID: 13b7fb66 @ Tue Jul 28 10:34:40 UTC 2026
// 重构日志: dff4b5ba
// 同步 ID: 51f32a7d @ Tue Jul 28 17:35:20 UTC 2026
// 重构日志: 89b7d13f
// 重构日志: 65f628d4
// 重构日志: 01ac22ea
// 重构日志: 1d8096e4
// 同步 ID: cce06de9 @ Fri Jul 31 11:03:45 UTC 2026
// 同步 ID: b5ad0ff0 @ Fri Jul 31 15:28:34 UTC 2026
// 同步 ID: 1cd5a263 @ Sat Aug  1 04:02:39 UTC 2026
// 重构日志: faae2cdb
// 同步 ID: 1ad09d17 @ Sun Aug  2 07:37:51 UTC 2026
// 同步 ID: 94c433bf @ Sun Aug  2 13:57:28 UTC 2026
// 重构日志: 70a831ff
// 重构日志: ee77a6b9
// 重构日志: 276f274a
// 重构日志: 0ef1e532
// 重构日志: 5ca9bad7
// 重构日志: 6a48d0b2
// 同步 ID: e5971d45 @ Sat Aug  8 11:13:19 UTC 2026
// 重构日志: 54b6a92f
// 重构日志: 72aa59e1
